[www.wolai.com/fkGSwxLu2pjWD7kiBY1V7W.html]
[backblue.gif]
[fade.gif]
[index.html]
[www.wolai.com/index.html]
[cdn.wostatic.cn/wolai/wolai_og_icon.png]
[www.wolai.com/aplus.js]
[cdn.wostatic.cn/dist/app_icon_128.png]
[cdn.wostatic.cn/dist/app_icon_512.png]
[cdn.wostatic.cn/dist/app_icon_1024.png]
[img.alicdn.com/imgextra/i3/O1CN01Du15yN1DuuZsvy8g4_!!6000000000277-2-tps-32-32.png]
[cdn.wostatic.cn/dist/lib/bootstrap/4.4.1/css/bootstrap.min.css]
[www.wolai.com/manifest.json]
[www.wolai.com/location.href]
[cdn.wostatic.cn/dist/javascript/runtime_app.cdf4709f.js]
[cdn.wostatic.cn/dist/javascript/8996.eded80de.js]
[cdn.wostatic.cn/dist/javascript/2032.c1b2a80c.js]
[cdn.wostatic.cn/dist/javascript/6287.b81b5dbf.js]
[cdn.wostatic.cn/dist/javascript/1363.7ddecbc1.js]
[cdn.wostatic.cn/dist/javascript/3273.afb00682.js]
[cdn.wostatic.cn/dist/javascript/4466.ad9361f6.js]
[cdn.wostatic.cn/dist/javascript/3402.73514b92.js]
[cdn.wostatic.cn/dist/javascript/1525.0c4e76be.js]
[cdn.wostatic.cn/dist/javascript/5822.3f0fb82c.js]
[cdn.wostatic.cn/dist/javascript/7123.e6c58379.js]
[cdn.wostatic.cn/dist/javascript/2360.bf916f2b.js]
[cdn.wostatic.cn/dist/javascript/6611.54712b42.js]
[cdn.wostatic.cn/dist/javascript/635.edfa6405.js]
[cdn.wostatic.cn/dist/javascript/app.1f3e4c79.js]
[cdn.wostatic.cn/dist/css/7123.b4f0bdfe.css]
[cdn.wostatic.cn/dist/css/app.99b392d6.css]
[cdn.wostatic.cn/wolai/loading.gif]
[www.wolai.com/sw.js]
[cdnjs.cloudflare.com/ajax/libs/eruda/3.4.1/eruda.min.js]
[g.alicdn.com/alilog/mlog/aplus_v2.js]
[o.alicdn.com/dingding/bird/index.js]
[www.wolai.com/fkGSwxLu2pjWD7kiBY1V7W.html]
[www.wolai.com/index.html]
[www.wolai.com/aplus.html]
[cdn.wostatic.cn/dist/lib/bootstrap/4.4.1/css/bootstrap.min.css]
[www.wolai.com/location.html]
[cdn.wostatic.cn/dist/css/7123.b4f0bdfe.css]
[cdn.wostatic.cn/dist/css/app.99b392d6.css]
[g.alicdn.com/data-security-manager/web-watermark/1.0.30/index.js]
